// Jest Snapshot v1, https://goo.gl/fbAQLP

exports[`testing delayed input should do snapshot 1`] = `
<div>
  <div
    className="input-field-container"
  >
    <input
      data-testid="input"
      onChange={[Function]}
    />
  </div>
</div>
`;
